// Jest Snapshot v1, https://goo.gl/fbAQLP

exports[`Weather Info render weather info component by passing props in 1`] = `
<section
  className="weather-info"
>
  <section
    className="forecast"
  >
    <div
      className="forecast-info"
    >
      <h4
        className="forecast__date"
      >
        2018-05-20
      </h4>
      <h2
        className="forecast__state"
      >
        Light Cloud
      </h2>
    </div>
    <div
      className="forecaste-state"
    >
      <i
        className="wi wi-cloud"
      />
    </div>
  </section>
</section>
`;

exports[`Weather Info render weather info component without fail 1`] = `null`;
