// Jest Snapshot v1, https://goo.gl/fbAQLP

exports[`Header renders correctly 1`] = `
<header
  className="header"
>
  <h1
    className="header-title"
  />
</header>
`;

exports[`Header should attach props pass in 1`] = `
<header
  className="header"
>
  <h1
    className="header-title"
  />
</header>
`;
